[0.017s] Invoking command in '/home/lucads/intelligent-machine-design-lab/irobot_ws/build/custom_msgs': /usr/bin/cmake /home/lucads/intelligent-machine-design-lab/irobot_ws/src/custom_msgs -DCMAKE_INSTALL_PREFIX=/home/lucads/intelligent-machine-design-lab/irobot_ws/install/custom_msgs
[0.025s] -- Found ament_cmake: 1.3.4 (/opt/ros/humble/share/ament_cmake/cmake)
[0.153s] -- Override CMake install command with custom implementation using symlinks instead of copying resources
[0.160s] -- Found geometry_msgs: 4.2.3 (/opt/ros/humble/share/geometry_msgs/cmake)
[0.184s] -- Found rosidl_generator_c: 3.1.4 (/opt/ros/humble/share/rosidl_generator_c/cmake)
[0.186s] -- Found rosidl_adapter: 3.1.4 (/opt/ros/humble/share/rosidl_adapter/cmake)
[0.191s] -- Found rosidl_generator_cpp: 3.1.4 (/opt/ros/humble/share/rosidl_generator_cpp/cmake)
[0.202s] -- Using all available rosidl_typesupport_c: rosidl_typesupport_fastrtps_c;rosidl_typesupport_introspection_c
[0.222s] -- Using all available rosidl_typesupport_cpp: rosidl_typesupport_fastrtps_cpp;rosidl_typesupport_introspection_cpp
[0.386s] -- Found rosidl_default_generators: 1.2.0 (/opt/ros/humble/share/rosidl_default_generators/cmake)
[0.571s] Error parsing '/home/lucads/intelligent-machine-design-lab/irobot_ws/src/custom_msgs/package.xml':
[0.609s] Traceback (most recent call last):
[0.609s]   File "/usr/lib/python3/dist-packages/catkin_pkg/package.py", line 610, in parse_package_string
[0.609s]     root = dom.parseString(data)
[0.609s]   File "/usr/lib/python3.10/xml/dom/minidom.py", line 1998, in parseString
[0.609s]     return expatbuilder.parseString(string)
[0.610s]   File "/usr/lib/python3.10/xml/dom/expatbuilder.py", line 925, in parseString
[0.610s]     return builder.parseString(string)
[0.610s]   File "/usr/lib/python3.10/xml/dom/expatbuilder.py", line 223, in parseString
[0.610s]     parser.Parse(string, True)
[0.610s] xml.parsers.expat.ExpatError: unclosed token: line 23, column 0
[0.610s] 
[0.610s] During handling of the above exception, another exception occurred:
[0.610s] 
[0.610s] Traceback (most recent call last):
[0.610s]   File "/opt/ros/humble/share/ament_cmake_core/cmake/core/package_xml_2_cmake.py", line 150, in <module>
[0.610s]     main()
[0.611s]   File "/opt/ros/humble/share/ament_cmake_core/cmake/core/package_xml_2_cmake.py", line 53, in main
[0.611s]     raise e
[0.611s]   File "/opt/ros/humble/share/ament_cmake_core/cmake/core/package_xml_2_cmake.py", line 49, in main
[0.611s]     package = parse_package_string(
[0.611s]   File "/usr/lib/python3/dist-packages/catkin_pkg/package.py", line 612, in parse_package_string
[0.611s]     raise InvalidPackage('The manifest contains invalid XML:\n%s' % ex, filename)
[0.611s] catkin_pkg.package.InvalidPackage: Error(s) in package '/home/lucads/intelligent-machine-design-lab/irobot_ws/src/custom_msgs/package.xml':
[0.611s] The manifest contains invalid XML:
[0.611s] unclosed token: line 23, column 0
[0.622s] [31mCMake Error at /opt/ros/humble/share/ament_cmake_core/cmake/core/ament_package_xml.cmake:95 (message):
[0.622s]   execute_process(/usr/bin/python3.10
[0.622s]   /opt/ros/humble/share/ament_cmake_core/cmake/core/package_xml_2_cmake.py
[0.623s]   /home/lucads/intelligent-machine-design-lab/irobot_ws/src/custom_msgs/package.xml
[0.623s]   /home/lucads/intelligent-machine-design-lab/irobot_ws/build/custom_msgs/ament_cmake_core/package.cmake)
[0.623s]   returned error code 1
[0.623s] Call Stack (most recent call first):
[0.623s]   /opt/ros/humble/share/ament_cmake_core/cmake/core/ament_package_xml.cmake:49 (_ament_package_xml)
[0.623s]   /opt/ros/humble/share/rosidl_cmake/cmake/rosidl_generate_interfaces.cmake:226 (ament_package_xml)
[0.623s]   CMakeLists.txt:21 (rosidl_generate_interfaces)
[0.623s] 
[0.623s] [0m
[0.623s] -- Configuring incomplete, errors occurred!
[0.623s] See also "/home/lucads/intelligent-machine-design-lab/irobot_ws/build/custom_msgs/CMakeFiles/CMakeOutput.log".
[0.627s] Invoked command in '/home/lucads/intelligent-machine-design-lab/irobot_ws/build/custom_msgs' returned '1': /usr/bin/cmake /home/lucads/intelligent-machine-design-lab/irobot_ws/src/custom_msgs -DCMAKE_INSTALL_PREFIX=/home/lucads/intelligent-machine-design-lab/irobot_ws/install/custom_msgs
